2026-06-21T04:55:04Z · finalize · total=1317 · check=34alive/0killed · map=ok features=497 · surge=ok
2026-06-21T08:38:37Z · finalize · total=1323 · check=34alive/0killed · map=ok features=497 · surge=ok
2026-06-21T11:10:44Z · finalize · total=1334 · check=34alive/0killed · map=ok features=498 · surge=ok
2026-06-21T12:31:18Z · finalize · total=1337 · check=32alive/0killed · map=ok features=499 · surge=ok
2026-06-21T13:05:11Z · finalize · total=1344 · check=33alive/0killed · map=ok features=500 · surge=ok
2026-06-21T20:28:09Z · finalize · total=1357 · check=33alive/0killed · map=ok features=500 · surge=ok
2026-06-22T06:12:24Z · finalize · total=1363 · check=32alive/0killed · map=ok features=500 · surge=ok
2026-06-22T07:08:53Z · finalize · total=1364 · check=32alive/0killed · map=ok features=500 · surge=ok
2026-06-22T08:09:23Z · finalize · total=1368 · check=34alive/0killed · map=ok features=500 · surge=ok
2026-06-22T09:08:57Z · finalize · total=1372 · check=34alive/0killed · map=ok features=500 · surge=ok
2026-06-22T12:39:21Z MANUAL-REJECT nekretnine_1207303 reason=kancelarijski_prostor/pametna_zgrada (BC, stop-list) — cycle.py regex gap, not sent
2026-06-22T12:40:48Z · finalize · total=1399 · check=34alive/0killed · map=ok features=500 · surge=ok
2026-06-22T13:15:08Z · finalize · total=1415 · check=34alive/0killed · map=ok features=501 · surge=ok
2026-06-22T14:12:26Z · finalize · total=1424 · check=34alive/0killed · map=ok features=502 · surge=ok
2026-06-22T15:08:49Z · finalize · total=1427 · check=34alive/0killed · map=ok features=502 · surge=ok
2026-06-22T16:09:04Z · finalize · total=1430 · check=31alive/0killed · map=ok features=502 · surge=ok
2026-06-22T17:29:09Z · finalize · total=1433 · check=29alive/0killed · map=ok features=502 · surge=ok
2026-06-22T19:50:26Z · finalize · total=1434 · check=33alive/0killed · map=ok features=503 · surge=ok
2026-06-22T20:32:08Z · finalize · total=1437 · check=31alive/0killed · map=ok features=503 · surge=ok
2026-06-23T06:23:12Z · finalize · total=1450 · check=34alive/0killed · map=ok features=505 · surge=ok
2026-06-23T07:09:27Z · finalize · total=1451 · check=34alive/0killed · map=ok features=505 · surge=ok
2026-06-23T08:09:12Z · finalize · total=1453 · check=34alive/0killed · map=ok features=505 · surge=ok
2026-06-23T09:11:02Z · finalize · total=1459 · check=34alive/0killed · map=ok features=505 · surge=ok
2026-06-23T10:12:23Z · finalize · total=1471 · check=34alive/0killed · map=ok features=505 · surge=ok
2026-06-23T11:12:19Z · finalize · total=1480 · check=33alive/0killed · map=ok features=506 · surge=ok
2026-06-23T12:16:33Z · finalize · total=1495 · check=34alive/0killed · map=ok features=509 · surge=ok
2026-06-23T13:11:01Z · finalize · total=1503 · check=33alive/0killed · map=ok features=509 · surge=ok
2026-06-23T14:13:41Z · finalize · total=1513 · check=34alive/0killed · map=ok features=510 · surge=ok
2026-06-23T16:12:24Z · finalize · total=1515 · check=30alive/1killed · map=ok features=509 · surge=ok
2026-06-23T17:28:00Z · finalize · total=1517 · check=33alive/1killed · map=ok features=508 · surge=ok
2026-06-23T18:48:44Z · finalize · total=1520 · check=32alive/0killed · map=ok features=508 · surge=ok
2026-06-23T20:36:53Z · finalize · total=1527 · check=31alive/0killed · map=ok features=508 · surge=ERR
2026-06-23T20:54:48Z · finalize · total=1527 · check=34alive/0killed · map=ok features=509 · surge=ok
2026-06-25T09:27:26Z · finalize · total=1590 · check=34alive/1killed · map=ok features=511 · surge=ok
2026-06-25T12:34:53Z · finalize · total=1618 · check=34alive/0killed · map=ok features=511 · surge=ok
2026-06-25T14:07:21Z · finalize · total=1637 · check=32alive/0killed · map=ok features=511 · surge=ok
2026-06-25T14:13:03Z · finalize · total=1637 · check=32alive/0killed · map=ok features=511 · surge=ok
2026-06-25T17:00:10Z · finalize · total=1638 · check=33alive/1killed · map=ok features=510 · surge=ok
2026-06-25T18:13:20Z · finalize · total=1643 · check=33alive/0killed · map=ok features=511 · surge=ok
2026-06-26T08:16:58Z · finalize · total=1645 · check=32alive/1killed · map=ok features=540 · surge=ERR
2026-06-26T08:21:51Z · finalize · total=1667 · check=34alive/0killed · map=ok features=510 · surge=ok
2026-06-26T10:23:35Z · finalize · total=1668 · check=31alive/1killed · map=ok features=509 · surge=ok
2026-06-26T10:44:52Z · finalize · total=1680 · check=34alive/0killed · map=ok features=509 · surge=ok
2026-06-26T12:09:46Z · finalize · total=1684 · check=33alive/0killed · map=ok features=509 · surge=ok
2026-06-26T13:20:46Z · finalize · total=1690 · check=33alive/1killed · map=ok features=508 · surge=ok
2026-06-26T17:47:30Z · finalize · total=1699 · check=32alive/2killed · map=ok features=506 · surge=ERR
2026-06-26T19:13:47Z · finalize · total=1706 · check=34alive/1killed · map=ok features=505 · surge=ok
2026-06-26T20:29:47Z · finalize · total=1708 · check=27alive/3killed · map=ok features=502 · surge=ERR
2026-06-26T21:28:29Z · finalize · total=1720 · check=33alive/0killed · map=ok features=502 · surge=ok
2026-06-27T07:02:09Z · finalize · total=1727 · check=34alive/0killed · map=ok features=502 · surge=ok
2026-06-28T09:13:36Z · finalize · total=1759 · check=34alive/0killed · map=ok features=502 · surge=ok
2026-06-28T10:04:26Z · finalize · total=1767 · check=34alive/0killed · map=ok features=502 · surge=ok
2026-06-28T10:07:19Z · finalize · total=1767 · check=34alive/0killed · map=ok features=502 · surge=ok
2026-06-28T13:12:54Z · finalize · total=1773 · check=34alive/0killed · map=ok features=502 · surge=ok
2026-06-28T14:52:11Z · finalize · total=1773 · check=34alive/0killed · map=ok features=502 · surge=ok
2026-06-28T15:53:43Z · finalize · total=1773 · check=34alive/0killed · map=ok features=502 · surge=ok
2026-06-28T17:26:38Z · finalize · total=1773 · check=32alive/0killed · map=ok features=502 · surge=ERR
2026-06-28T19:11:42Z · finalize · total=1774 · check=31alive/1killed · map=ok features=501 · surge=ERR
2026-06-28T21:46:02Z · finalize · total=1777 · check=28alive/0killed · map=ok features=501 · surge=ok
2026-06-28T21:46:29Z · finalize · total=1777 · check=33alive/0killed · map=ok features=501 · surge=ok
2026-06-29T06:18:37Z · finalize · total=1780 · check=34alive/0killed · map=ok features=501 · surge=ERR
2026-06-29T09:17:44Z · finalize · total=1784 · check=34alive/0killed · map=ok features=501 · surge=ok
2026-06-29T10:09:11Z · finalize · total=1788 · check=34alive/0killed · map=ok features=501 · surge=ok
2026-06-29T11:10:54Z · finalize · total=1790 · check=32alive/0killed · map=ok features=501 · surge=ok
2026-06-29T13:06:30Z · finalize · total=1792 · check=33alive/0killed · map=ok features=501 · surge=ok
2026-06-29T13:44:49Z · finalize · total=1795 · check=34alive/0killed · map=ok features=502 · surge=ok
2026-06-29T16:23:12Z · finalize · total=1796 · check=34alive/0killed · map=ok features=503 · surge=ok
2026-06-29T17:23:48Z · finalize · total=1799 · check=33alive/0killed · map=ok features=503 · surge=ok
2026-06-29T19:08:17Z · finalize · total=1799 · check=33alive/0killed · map=ok features=503 · surge=ok
2026-06-29T19:38:38Z · finalize · total=1800 · check=31alive/0killed · map=ok features=503 · surge=ok
2026-06-30T06:26:45Z · finalize · total=1814 · check=34alive/0killed · map=ok features=504 · surge=ok
2026-06-30T07:36:31Z · finalize · total=1814 · check=33alive/0killed · map=ok features=504 · surge=ERR
2026-07-01T06:55:03Z · finalize · total=1833 · check=32alive/7killed · map=ok features=497 · surge=ok
2026-07-02T05:31:12Z · finalize · total=1870 · check=34alive/5killed · map=ok features=500 · surge=ok
2026-07-02T06:45:31Z · finalize · total=1896 · check=33alive/4killed · map=ok features=499 · surge=ok
2026-07-02T07:12:55Z · finalize · total=1916 · check=34alive/3killed · map=ok features=498 · surge=ok
2026-07-02T09:33:51Z · finalize · total=1917 · check=33alive/3killed · map=ok features=497 · surge=ok
2026-07-02T10:08:53Z · finalize · total=1918 · check=33alive/4killed · map=ok features=494 · surge=ok
2026-07-02T11:08:57Z · finalize · total=1919 · check=34alive/3killed · map=ok features=491 · surge=ok
2026-07-02T12:08:48Z · finalize · total=1920 · check=32alive/3killed · map=ok features=488 · surge=ok
2026-07-02T13:45:58Z · finalize · total=1926 · check=31alive/9killed · map=ok features=286 · surge=ok
2026-07-02T13:50:45Z · finalize · total=1926 · check=31alive/9killed · map=ok features=282 · surge=ok
2026-07-02T14:08:42Z · finalize · total=1926 · check=35alive/8killed · map=ok features=278 · surge=ok
2026-07-02T15:09:00Z · finalize · total=1929 · check=33alive/8killed · map=ok features=270 · surge=ok
2026-07-02T18:28:03Z · finalize · total=1933 · check=30alive/11killed · map=ok features=260 · surge=ok
2026-07-02T20:30:05Z · finalize · total=1940 · check=29alive/7killed · map=ok features=253 · surge=ok
2026-07-02T23:50:00Z · finalize · total=1950 · check=34alive/6killed · map=ok features=247 · surge=ok
2026-07-02T23:50:00Z · NOTE · cycle process phase took 8259.9s (2h17m) — abnormally slow (likely slow source read), but completed with valid JSON; new=0 passes=0 rejects=6; stale lock cleaned manually
2026-07-03T06:20:27Z · finalize · total=1953 · check=33alive/6killed · map=ok features=241 · surge=ok
2026-07-03T07:08:51Z · finalize · total=1954 · check=33alive/7killed · map=ok features=234 · surge=ok
2026-07-03T08:08:55Z · finalize · total=1954 · check=33alive/2killed · map=ok features=232 · surge=ok
2026-07-03T09:09:01Z · finalize · total=1955 · check=31alive/3killed · map=ok features=229 · surge=ok
2026-07-03T10:09:13Z · finalize · total=1967 · check=34alive/1killed · map=ok features=228 · surge=ok
2026-07-03T11:09:11Z · finalize · total=1970 · check=32alive/1killed · map=ok features=227 · surge=ok
2026-07-03T12:10:28Z · finalize · total=1976 · check=35alive/0killed · map=ok features=227 · surge=ok
2026-07-03T13:08:47Z · finalize · total=1977 · check=33alive/0killed · map=ok features=227 · surge=ok
2026-07-03T14:13:20Z · finalize · total=1986 · check=35alive/0killed · map=ok features=228 · surge=ok
2026-07-03T15:08:49Z · finalize · total=1988 · check=32alive/0killed · map=ok features=228 · surge=ok
2026-07-03T16:10:41Z · finalize · total=1992 · check=34alive/0killed · map=ok features=228 · surge=ok
2026-07-03T17:09:11Z · finalize · total=1994 · check=34alive/0killed · map=ok features=228 · surge=ok
2026-07-03T18:09:14Z · finalize · total=1996 · check=33alive/0killed · map=ok features=228 · surge=ok
2026-07-03T19:08:44Z · finalize · total=1996 · check=32alive/0killed · map=ok features=228 · surge=ok
2026-07-03T20:09:03Z · finalize · total=1996 · check=31alive/0killed · map=ok features=228 · surge=ok
2026-07-04T07:04:30Z · finalize · total=1998 · check=34alive/1killed · map=ok features=227 · surge=ok
2026-07-04T08:00:24Z · finalize · total=1999 · check=34alive/1killed · map=ok features=226 · surge=ok
2026-07-04T08:43:47Z · finalize · total=2001 · check=34alive/0killed · map=ok features=226 · surge=ok
2026-07-04T09:08:55Z · finalize · total=2001 · check=35alive/0killed · map=ok features=226 · surge=ok
2026-07-04T10:09:14Z · finalize · total=2008 · check=31alive/0killed · map=ok features=226 · surge=ok
2026-07-04T13:31:10Z · finalize · total=2012 · check=32alive/0killed · map=ok features=226 · surge=ok
2026-07-04T13:34:48Z · finalize · total=2013 · check=31alive/0killed · map=ok features=226 · surge=ok
2026-07-04T14:09:04Z · finalize · total=2013 · check=34alive/0killed · map=ok features=226 · surge=ok
2026-07-04T16:31:34Z · finalize · total=2019 · check=32alive/1killed · map=ok features=225 · surge=ok
2026-07-04T18:33:37Z · finalize · total=2021 · check=33alive/1killed · map=ok features=224 · surge=ok
2026-07-04T19:38:02Z · finalize · total=2023 · check=34alive/0killed · map=ok features=224 · surge=ok
2026-07-04T20:28:24Z · finalize · total=2023 · check=33alive/1killed · map=ok features=223 · surge=ok
2026-07-05T06:34:17Z · finalize · total=2028 · check=34alive/0killed · map=ok features=223 · surge=ok
2026-07-05T08:42:44Z · finalize · total=2030 · check=34alive/0killed · map=ok features=223 · surge=ok
2026-07-05T09:08:39Z · finalize · total=2031 · check=35alive/0killed · map=ok features=223 · surge=ok
2026-07-05T10:10:02Z · finalize · total=2037 · check=34alive/0killed · map=ok features=223 · surge=ok
2026-07-05T11:13:07Z · finalize · total=2038 · check=32alive/0killed · map=ok features=223 · surge=ok
2026-07-05T13:16:01Z · finalize · total=2040 · check=34alive/0killed · map=ok features=226 · surge=ERR
2026-07-05T13:20:15Z · finalize · total=2041 · check=35alive/0killed · map=ok features=223 · surge=ok
2026-07-05T14:09:42Z · finalize · total=2044 · check=28alive/1killed · map=ok features=222 · surge=ok
2026-07-05T15:43:02Z · finalize · total=2044 · check=32alive/0killed · map=ok features=222 · surge=ok
2026-07-05T17:50:29Z · finalize · total=2044 · check=34alive/0killed · map=ok features=222 · surge=ok
2026-07-05T18:52:07Z · finalize · total=2044 · check=34alive/0killed · map=ok features=222 · surge=ok
2026-07-05T19:51:18Z · finalize · total=2044 · check=35alive/0killed · map=ok features=222 · surge=ok
2026-07-05T22:12:13Z · finalize · total=2044 · check=30alive/0killed · map=ok features=222 · surge=ok
2026-07-06T06:25:34Z · finalize · total=2044 · check=33alive/0killed · map=ok features=222 · surge=ok
2026-07-06T07:09:07Z · finalize · total=2045 · check=35alive/0killed · map=ok features=222 · surge=ok
2026-07-06T08:10:18Z · finalize · total=2057 · check=35alive/0killed · map=ok features=223 · surge=ok
2026-07-06T09:09:31Z · finalize · total=2059 · check=35alive/0killed · map=ok features=223 · surge=ok
2026-07-06T10:09:43Z · finalize · total=2064 · check=31alive/1killed · map=ok features=222 · surge=ok
2026-07-06T14:10:53Z · finalize · total=2076 · check=35alive/0killed · map=ok features=222 · surge=ok
2026-07-06T15:09:24Z · finalize · total=2076 · check=29alive/1killed · map=ok features=221 · surge=ok
2026-07-06T16:18:42Z · finalize · total=2080 · check=30alive/0killed · map=ok features=221 · surge=ok
2026-07-06T17:14:45Z · finalize · total=2080 · check=33alive/1killed · map=ok features=220 · surge=ok
2026-07-06T18:09:10Z · finalize · total=2081 · check=31alive/2killed · map=ok features=218 · surge=ok
2026-07-06T20:09:09Z · finalize · total=2081 · check=29alive/0killed · map=ok features=218 · surge=ok
2026-07-07T06:05:44Z · finalize · total=2083 · check=32alive/0killed · map=ok features=218 · surge=ok
2026-07-07T07:09:11Z · finalize · total=2083 · check=34alive/0killed · map=ok features=218 · surge=ok
2026-07-07T08:09:14Z · finalize · total=2084 · check=34alive/0killed · map=ok features=218 · surge=ok
2026-07-07T09:33:45Z · finalize · total=2085 · check=34alive/1killed · map=ok features=217 · surge=ok
2026-07-07T17:06:53Z · process · ABORTED · cycle.py hung ~36min on geocode host flanders.servers.private.coffee (nominatim mirror, no timeout); killed pid30399 to release state.json.lock; no sweep this run
2026-07-07T17:38:31Z · finalize · total=2110 · check=35alive/0killed · map=ok features=217 · surge=ok
2026-07-07T19:44:04Z · finalize · total=2112 · check=31alive/1killed · map=ok features=216 · surge=ok
2026-07-07T21:11:08Z · finalize · total=2114 · check=31alive/0killed · map=ok features=216 · surge=ok
2026-07-08T09:50:34Z · finalize · total=2145 · check=35alive/2killed · map=ok features=217 · surge=ok
2026-07-08T09:59:50Z · finalize · total=2159 · check=34alive/1killed · map=ok features=216 · surge=ok
2026-07-08T10:09:15Z · finalize · total=2159 · check=35alive/0killed · map=ok features=216 · surge=ok
2026-07-08T12:09:27Z · finalize · total=2160 · check=35alive/0killed · map=ok features=216 · surge=ok
2026-07-08T13:09:49Z · finalize · total=2162 · check=35alive/0killed · map=ok features=216 · surge=ok
2026-07-08T14:10:54Z · finalize · total=2165 · check=35alive/0killed · map=ok features=216 · surge=ok
2026-07-08T15:09:38Z · finalize · total=2166 · check=33alive/0killed · map=ok features=216 · surge=ok
2026-07-08T17:58:26Z · finalize · total=2168 · check=34alive/0killed · map=ok features=216 · surge=ok
2026-07-08T18:09:49Z · finalize · total=2168 · check=35alive/0killed · map=ok features=216 · surge=ok
2026-07-08T19:09:42Z · finalize · total=2170 · check=29alive/0killed · map=ok features=216 · surge=ok
2026-07-08T20:09:43Z · finalize · total=2170 · check=29alive/0killed · map=ok features=216 · surge=ok
2026-07-09T06:26:12Z · finalize · total=2184 · check=33alive/1killed · map=ok features=215 · surge=ok
2026-07-09T07:10:21Z · finalize · total=2186 · check=35alive/0killed · map=ok features=215 · surge=ok
2026-07-09T10:09:45Z · finalize · total=2191 · check=35alive/0killed · map=ok features=215 · surge=ok
2026-07-09T11:08:41Z · finalize · total=2192 · check=35alive/0killed · map=ok features=215 · surge=ok
2026-07-09T12:08:46Z · finalize · total=2196 · check=35alive/0killed · map=ok features=215 · surge=ok
2026-07-09T13:08:35Z · finalize · total=2196 · check=35alive/0killed · map=ok features=215 · surge=ok
2026-07-09T14:10:57Z · finalize · total=2199 · check=35alive/0killed · map=ok features=216 · surge=ok
2026-07-09T15:09:10Z · finalize · total=2199 · check=35alive/0killed · map=ok features=216 · surge=ok
2026-07-09T18:42:01Z · finalize · total=2204 · check=34alive/0killed · map=ok features=216 · surge=ok
2026-07-09T19:37:32Z · finalize · total=2206 · check=32alive/2killed · map=ok features=214 · surge=ok
2026-07-09T19:50:16Z · finalize · total=2207 · check=31alive/0killed · map=ok features=214 · surge=ERR
2026-07-09T20:44:14Z · finalize · total=2207 · check=33alive/0killed · map=ok features=214 · surge=ok
2026-07-10T06:41:03Z · finalize · total=2221 · check=28alive/0killed · map=ok features=214 · surge=ok
2026-07-10T07:08:55Z · finalize · total=2221 · check=27alive/0killed · map=ok features=214 · surge=ok
2026-07-10T08:08:52Z · finalize · total=2224 · check=32alive/0killed · map=ok features=214 · surge=ok
2026-07-10T09:09:00Z · finalize · total=2224 · check=31alive/1killed · map=ok features=213 · surge=ok
2026-07-10T10:10:30Z · finalize · total=2231 · check=34alive/1killed · map=ok features=212 · surge=ok
2026-07-10T11:09:00Z · finalize · total=2231 · check=33alive/0killed · map=ok features=212 · surge=ok
2026-07-10T12:09:05Z · finalize · total=2232 · check=34alive/0killed · map=ok features=212 · surge=ok
2026-07-10T13:11:21Z · finalize · total=2237 · check=34alive/0killed · map=ok features=213 · surge=ok
2026-07-10T14:11:26Z · finalize · total=2245 · check=31alive/0killed · map=ok features=213 · surge=ok
2026-07-10T19:00:29Z · finalize · total=2254 · check=33alive/0killed · map=ok features=213 · surge=ok
2026-07-10T19:10:51Z · finalize · total=2254 · check=35alive/0killed · map=ok features=213 · surge=ok
2026-07-10T20:09:05Z · finalize · total=2254 · check=32alive/0killed · map=ok features=213 · surge=ok
2026-07-11T07:26:25Z · finalize · total=2258 · check=27alive/0killed · map=ok features=213 · surge=ok
2026-07-11T07:30:06Z · finalize · total=2258 · check=33alive/0killed · map=ok features=213 · surge=ok
2026-07-11T08:09:17Z · finalize · total=2259 · check=35alive/0killed · map=ok features=213 · surge=ok
2026-07-11T09:09:28Z · finalize · total=2260 · check=33alive/1killed · map=ok features=212 · surge=ok
2026-07-11T11:09:52Z · finalize · total=2269 · check=33alive/0killed · map=ok features=212 · surge=ok
2026-07-11T17:40:57Z · finalize · total=2273 · check=33alive/0killed · map=ok features=212 · surge=ok
2026-07-11T18:32:50Z · finalize · total=2281 · check=33alive/0killed · map=ok features=212 · surge=ok
2026-07-11T19:09:08Z · finalize · total=2281 · check=35alive/0killed · map=ok features=212 · surge=ok
2026-07-11T20:09:28Z · finalize · total=2281 · check=29alive/1killed · map=ok features=211 · surge=ok
2026-07-12T07:36:53Z · finalize · total=2282 · check=32alive/0killed · map=ok features=211 · surge=ok
2026-07-12T11:27:09Z · finalize · total=2293 · check=31alive/0killed · map=ok features=211 · surge=ok
2026-07-12T15:54:27Z · finalize · total=2300 · check=34alive/0killed · map=ok features=211 · surge=ok
2026-07-12T15:59:20Z · finalize · total=2301 · check=32alive/0killed · map=ok features=211 · surge=ok
2026-07-12T16:10:47Z · finalize · total=2301 · check=33alive/1killed · map=ok features=210 · surge=ok
2026-07-12T19:18:15Z · finalize · total=2301 · check=34alive/0killed · map=ok features=210 · surge=ERR
2026-07-13T06:21:14Z · finalize · total=2302 · check=31alive/0killed · map=ok features=211 · surge=ERR
2026-07-13T06:25:13Z · finalize · total=2310 · check=32alive/2killed · map=ok features=209 · surge=ERR
2026-07-13T07:09:03Z · finalize · total=2310 · check=35alive/0killed · map=ok features=209 · surge=ERR
2026-07-13T07:40:51Z · finalize · total=2310 · check=35alive/0killed · map=ERR features=None · surge=ERR
2026-07-13T07:45:08Z · finalize · total=2310 · check=35alive/0killed · map=ok features=209 · surge=ERR
2026-07-13T07:59:48Z · finalize · total=2311 · check=35alive/0killed · map=ok features=209 · surge=ok
2026-07-13T15:35:40Z · finalize · total=2323 · check=34alive/1killed · map=ok features=208 · surge=ok
2026-07-13T15:47:14Z · finalize · total=2323 · check=35alive/0killed · map=ok features=208 · surge=ok
2026-07-13T20:42:23Z · finalize · total=2327 · check=35alive/0killed · map=ok features=208 · surge=ok
2026-07-14T05:10:55Z · finalize · total=2334 · check=34alive/1killed · map=ok features=207 · surge=ok
2026-07-14T09:11:02Z · finalize · total=2339 · check=35alive/0killed · map=ok features=207 · surge=ok
2026-07-14T10:59:54Z · finalize · total=2346 · check=33alive/2killed · map=ok features=205 · surge=ok
2026-07-14T11:16:10Z · finalize · total=2347 · check=35alive/0killed · map=ok features=205 · surge=ok
2026-07-14T13:03:46Z · finalize · total=2353 · check=35alive/0killed · map=ok features=206 · surge=ok
2026-07-14T14:56:35Z · finalize · total=2357 · check=35alive/0killed · map=ok features=206 · surge=ok
2026-07-14T16:49:25Z · finalize · total=2361 · check=34alive/1killed · map=ok features=205 · surge=ok
2026-07-14T18:56:19Z · finalize · total=2361 · check=35alive/0killed · map=ok features=205 · surge=ok
2026-07-14T20:47:05Z · finalize · total=2361 · check=35alive/0killed · map=ok features=205 · surge=ok
2026-07-15T06:31:13Z · finalize · total=2387 · check=34alive/1killed · map=ok features=205 · surge=ok
2026-07-15T09:00:15Z · finalize · total=2402 · check=35alive/0killed · map=ok features=206 · surge=ok
2026-07-15T10:57:51Z · finalize · total=2411 · check=35alive/0killed · map=ok features=206 · surge=ok
2026-07-15T11:56:04Z · finalize · total=2411 · check=34alive/1killed · map=ok features=205 · surge=ok
2026-07-15T14:36:19Z · finalize · total=2423 · check=34alive/0killed · map=ok features=205 · surge=ok
2026-07-15T16:32:03Z · finalize · total=2426 · check=35alive/0killed · map=ok features=205 · surge=ok
2026-07-15T16:56:10Z · finalize · total=2426 · check=35alive/0killed · map=ok features=205 · surge=ok
2026-07-15T20:26:20Z · finalize · total=2428 · check=33alive/2killed · map=ok features=204 · surge=ok
2026-07-15T20:45:48Z · finalize · total=2428 · check=35alive/0killed · map=ok features=204 · surge=ok
2026-07-16T06:28:50Z · finalize · total=2438 · check=32alive/0killed · map=ok features=204 · surge=ok
2026-07-16T08:31:48Z · finalize · total=2440 · check=33alive/2killed · map=ok features=202 · surge=ok
2026-07-16T10:31:09Z · finalize · total=2440 · check=35alive/0killed · map=ok features=202 · surge=ok
2026-07-16T12:00:28Z · finalize · total=2445 · check=35alive/0killed · map=ok features=202 · surge=ok
2026-07-16T14:34:00Z · finalize · total=2449 · check=35alive/0killed · map=ok features=203 · surge=ok
2026-07-16T16:33:36Z · finalize · total=2453 · check=35alive/0killed · map=ok features=203 · surge=ok
2026-07-16T16:54:09Z · finalize · total=2453 · check=35alive/0killed · map=ok features=203 · surge=ok
2026-07-16T20:18:57Z · finalize · total=2454 · check=33alive/1killed · map=ok features=202 · surge=ok
2026-07-17T06:36:45Z · finalize · total=2465 · check=34alive/1killed · map=ok features=201 · surge=ok
2026-07-17T08:31:04Z · finalize · total=2465 · check=35alive/0killed · map=ok features=201 · surge=ok
2026-07-17T10:31:38Z · finalize · total=2473 · check=35alive/0killed · map=ok features=201 · surge=ok
2026-07-17T11:12:49Z · finalize · total=2474 · check=35alive/0killed · map=ok features=201 · surge=ok
2026-07-17T14:25:14Z · finalize · total=2486 · check=34alive/1killed · map=ok features=200 · surge=ok
2026-07-17T16:36:10Z · finalize · total=2491 · check=33alive/1killed · map=ok features=199 · surge=ok
2026-07-17T16:41:34Z · finalize · total=2491 · check=34alive/0killed · map=ok features=199 · surge=ok
2026-07-17T18:33:30Z · finalize · total=2494 · check=35alive/0killed · map=ok features=199 · surge=ok
2026-07-17T20:32:01Z · finalize · total=2494 · check=34alive/1killed · map=ok features=198 · surge=ok
2026-07-18T06:31:39Z · finalize · total=2497 · check=32alive/2killed · map=ok features=196 · surge=ok
2026-07-18T08:31:11Z · finalize · total=2498 · check=35alive/0killed · map=ok features=196 · surge=ok
2026-07-18T10:31:39Z · finalize · total=2512 · check=35alive/0killed · map=ok features=196 · surge=ok
2026-07-18T10:50:00Z · finalize · total=2514 · check=35alive/0killed · map=ok features=196 · surge=ok
2026-07-18T12:32:06Z · finalize · total=2515 · check=35alive/0killed · map=ok features=196 · surge=ok
2026-07-18T14:31:03Z · finalize · total=2518 · check=35alive/0killed · map=ok features=196 · surge=ok
2026-07-18T14:40:18Z · finalize · total=2518 · check=35alive/0killed · map=ok features=196 · surge=ok
2026-07-18T16:31:51Z · finalize · total=2520 · check=35alive/0killed · map=ok features=196 · surge=ok
2026-07-18T18:14:48Z · finalize · total=2520 · check=34alive/0killed · map=ok features=196 · surge=ok
2026-07-18T22:15:22Z · finalize · total=2522 · check=35alive/0killed · map=ok features=196 · surge=ok
2026-07-19T06:32:26Z · finalize · total=2532 · check=35alive/0killed · map=ok features=196 · surge=ok
2026-07-19T08:31:22Z · finalize · total=2534 · check=35alive/0killed · map=ok features=196 · surge=ok
2026-07-19T10:33:10Z · finalize · total=2541 · check=35alive/0killed · map=ok features=196 · surge=ok
2026-07-19T11:02:23Z · finalize · total=2541 · check=35alive/0killed · map=ok features=196 · surge=ok
2026-07-19T14:31:33Z · finalize · total=2545 · check=33alive/2killed · map=ok features=194 · surge=ok
2026-07-19T14:43:40Z · finalize · total=2545 · check=35alive/0killed · map=ok features=194 · surge=ok
2026-07-19T16:31:17Z · finalize · total=2546 · check=35alive/0killed · map=ok features=194 · surge=ok
2026-07-19T18:16:13Z · finalize · total=2546 · check=33alive/1killed · map=ok features=193 · surge=ok
2026-07-19T22:14:57Z · finalize · total=2546 · check=35alive/0killed · map=ok features=193 · surge=ok
2026-07-20T06:30:52Z · finalize · total=2551 · check=35alive/0killed · map=ok features=193 · surge=ok
2026-07-20T08:34:28Z · finalize · total=2552 · check=34alive/1killed · map=ok features=192 · surge=ok
2026-07-20T10:32:52Z · finalize · total=2555 · check=35alive/0killed · map=ok features=192 · surge=ok
2026-07-20T12:32:36Z · finalize · total=2558 · check=35alive/0killed · map=ok features=192 · surge=ok
2026-07-20T13:35:26Z · finalize · total=2565 · check=35alive/0killed · map=ok features=192 · surge=ok
2026-07-20T16:28:56Z · finalize · total=2569 · check=35alive/0killed · map=ok features=192 · surge=ok
2026-07-20T18:31:37Z · finalize · total=2569 · check=34alive/1killed · map=ok features=191 · surge=ok
2026-07-20T20:11:37Z · finalize · total=2569 · check=35alive/0killed · map=ok features=191 · surge=ok
2026-07-20T23:44:26Z · finalize · total=2569 · check=34alive/0killed · map=ok features=191 · surge=ok
2026-07-21T06:31:05Z · finalize · total=2570 · check=35alive/0killed · map=ok features=191 · surge=ok
2026-07-21T08:31:10Z · finalize · total=2571 · check=35alive/0killed · map=ok features=191 · surge=ok
2026-07-21T10:31:18Z · finalize · total=2571 · check=35alive/0killed · map=ok features=191 · surge=ok
2026-07-21T12:13:05Z · finalize · total=2572 · check=35alive/0killed · map=ok features=191 · surge=ok
2026-07-21T14:32:15Z · finalize · total=2574 · check=35alive/0killed · map=ok features=191 · surge=ok
2026-07-21T16:32:45Z · finalize · total=2578 · check=35alive/0killed · map=ok features=191 · surge=ok
2026-07-21T17:59:36Z · finalize · total=2579 · check=34alive/1killed · map=ok features=190 · surge=ok
2026-07-21T21:52:28Z · finalize · total=2595 · check=35alive/0killed · map=ok features=190 · surge=ok
2026-07-22T06:33:41Z · finalize · total=2610 · check=35alive/0killed · map=ok features=190 · surge=ok
2026-07-22T08:32:10Z · finalize · total=2628 · check=35alive/0killed · map=ok features=190 · surge=ok
2026-07-22T10:32:17Z · finalize · total=2632 · check=35alive/0killed · map=ok features=190 · surge=ok
2026-07-22T12:19:11Z · finalize · total=2635 · check=35alive/0killed · map=ok features=190 · surge=ok
2026-07-22T14:36:20Z · finalize · total=2642 · check=35alive/0killed · map=ok features=190 · surge=ok
2026-07-22T16:31:24Z · finalize · total=2643 · check=35alive/0killed · map=ok features=190 · surge=ok
2026-07-22T17:55:05Z · finalize · total=2644 · check=34alive/1killed · map=ok features=189 · surge=ok
2026-07-22T20:41:30Z · finalize · total=2645 · check=34alive/0killed · map=ok features=189 · surge=ok
2026-07-22T21:59:16Z · finalize · total=2655 · check=34alive/1killed · map=ok features=188 · surge=ok
2026-07-23T06:30:13Z · finalize · total=2655 · check=35alive/0killed · map=ok features=188 · surge=ok
2026-07-23T08:32:15Z · finalize · total=2657 · check=34alive/1killed · map=ok features=188 · surge=ok
2026-07-23T10:32:40Z · finalize · total=2658 · check=35alive/0killed · map=ok features=188 · surge=ok
2026-07-23T12:15:26Z · finalize · total=2659 · check=35alive/0killed · map=ok features=188 · surge=ok
2026-07-23T14:32:07Z · finalize · total=2661 · check=35alive/0killed · map=ok features=188 · surge=ok
2026-07-23T16:31:22Z · finalize · total=2663 · check=35alive/0killed · map=ok features=188 · surge=ok
2026-07-23T18:04:53Z · finalize · total=2666 · check=34alive/1killed · map=ok features=187 · surge=ok
2026-07-23T21:49:41Z · finalize · total=2674 · check=34alive/1killed · map=ok features=186 · surge=ok
2026-07-24T06:24:47Z · finalize · total=2675 · check=35alive/0killed · map=ok features=186 · surge=ok
2026-07-24T08:30:44Z · finalize · total=2676 · check=34alive/1killed · map=ok features=185 · surge=ok
2026-07-24T10:34:11Z · finalize · total=2685 · check=35alive/0killed · map=ok features=185 · surge=ok
2026-07-24T12:06:27Z · finalize · total=2689 · check=35alive/0killed · map=ok features=185 · surge=ok
2026-07-24T14:34:30Z · finalize · total=2702 · check=35alive/0killed · map=ok features=185 · surge=ok
2026-07-24T16:40:22Z · finalize · total=2703 · check=34alive/1killed · map=ok features=184 · surge=ok
2026-07-24T18:01:11Z · finalize · total=2705 · check=35alive/0killed · map=ok features=184 · surge=ok
2026-07-24T21:24:52Z · finalize · total=2706 · check=35alive/0killed · map=ok features=184 · surge=ok
2026-07-24T21:49:27Z · finalize · total=2706 · check=35alive/0killed · map=ok features=184 · surge=ok
2026-07-25T06:31:31Z · finalize · total=2706 · check=35alive/0killed · map=ok features=184 · surge=ok
2026-07-25T08:31:44Z · finalize · total=2707 · check=35alive/0killed · map=ok features=184 · surge=ok
2026-07-25T10:31:43Z · finalize · total=2712 · check=35alive/0killed · map=ok features=184 · surge=ok
2026-07-25T10:56:29Z · finalize · total=2712 · check=35alive/0killed · map=ok features=184 · surge=ok
2026-07-25T14:31:54Z · finalize · total=2714 · check=35alive/0killed · map=ok features=184 · surge=ok
2026-07-25T14:54:50Z · finalize · total=2714 · check=35alive/0killed · map=ok features=184 · surge=ok
2026-07-25T18:15:33Z · finalize · total=2716 · check=34alive/1killed · map=ok features=183 · surge=ok
2026-07-25T22:15:59Z · finalize · total=2717 · check=35alive/0killed · map=ok features=183 · surge=ok
2026-07-26T06:31:14Z · finalize · total=2717 · check=35alive/0killed · map=ok features=183 · surge=ok
2026-07-26T08:31:34Z · finalize · total=2718 · check=35alive/0killed · map=ok features=183 · surge=ok
2026-07-26T10:32:35Z · finalize · total=2724 · check=35alive/0killed · map=ok features=183 · surge=ok
2026-07-26T11:12:49Z · finalize · total=2724 · check=35alive/0killed · map=ok features=183 · surge=ok
2026-07-26T14:31:47Z · finalize · total=2726 · check=35alive/0killed · map=ok features=183 · surge=ok
2026-07-26T15:50:31Z · finalize · total=2726 · check=34alive/0killed · map=ok features=183 · surge=ok
2026-07-26T18:33:44Z · finalize · total=2726 · check=35alive/0killed · map=ok features=183 · surge=ok
2026-07-26T20:19:21Z · finalize · total=2728 · check=35alive/0killed · map=ok features=183 · surge=ok
2026-07-27T06:35:57Z · finalize · total=2736 · check=31alive/0killed · map=ok features=183 · surge=ok
2026-07-27T08:33:43Z · finalize · total=2736 · check=34alive/0killed · map=ok features=183 · surge=ok
2026-07-27T10:35:48Z · finalize · total=2743 · check=35alive/0killed · map=ok features=183 · surge=ok
2026-07-27T12:34:32Z · finalize · total=2748 · check=33alive/1killed · map=ok features=183 · surge=ok
2026-07-27T14:33:29Z · finalize · total=2752 · check=34alive/0killed · map=ok features=183 · surge=ok
2026-07-27T16:00:40Z · finalize · total=2754 · check=35alive/0killed · map=ok features=183 · surge=ok
2026-07-27T18:32:39Z · finalize · total=2755 · check=34alive/0killed · map=ok features=183 · surge=ok
2026-07-27T20:58:17Z · finalize · total=2755 · check=35alive/0killed · map=ok features=184 · surge=ok
2026-07-28T06:31:33Z · finalize · total=2757 · check=35alive/0killed · map=ok features=184 · surge=ok
2026-07-28T08:32:07Z · finalize · total=2758 · check=35alive/0killed · map=ok features=184 · surge=ok
2026-07-28T10:32:20Z · finalize · total=2759 · check=35alive/0killed · map=ok features=184 · surge=ok
2026-07-28T12:28:43Z · finalize · total=2759 · check=35alive/0killed · map=ok features=184 · surge=ok
2026-07-28T14:31:59Z · finalize · total=2762 · check=35alive/0killed · map=ok features=184 · surge=ok
2026-07-28T16:31:10Z · finalize · total=2762 · check=35alive/0killed · map=ok features=184 · surge=ok
2026-07-28T18:06:30Z · finalize · total=2764 · check=35alive/0killed · map=ok features=185 · surge=ok
2026-07-28T21:59:30Z · finalize · total=2788 · check=35alive/0killed · map=ok features=185 · surge=ok
2026-07-29T06:33:00Z · finalize · total=2800 · check=34alive/0killed · map=ok features=185 · surge=ok
2026-07-29T08:31:02Z · finalize · total=2802 · check=35alive/0killed · map=ok features=185 · surge=ok
2026-07-29T10:33:14Z · finalize · total=2806 · check=35alive/0killed · map=ok features=185 · surge=ok
2026-07-29T12:38:44Z · finalize · total=2811 · check=35alive/0killed · map=ok features=186 · surge=ok
2026-07-29T13:14:41Z · finalize · total=2813 · check=35alive/0killed · map=ok features=186 · surge=ok
2026-07-29T16:35:32Z · finalize · total=2820 · check=35alive/0killed · map=ok features=187 · surge=ok
2026-07-29T18:18:05Z · finalize · total=2822 · check=35alive/0killed · map=ok features=187 · surge=ok
2026-07-29T22:40:31Z · finalize · total=2832 · check=35alive/0killed · map=ok features=187 · surge=ok
2026-07-30T06:32:40Z · finalize · total=2832 · check=34alive/0killed · map=ok features=187 · surge=ok
2026-07-30T08:32:53Z · finalize · total=2833 · check=34alive/0killed · map=ok features=187 · surge=ok
2026-07-30T10:34:44Z · finalize · total=2842 · check=34alive/0killed · map=ok features=187 · surge=ok
2026-07-30T12:20:27Z · finalize · total=2845 · check=35alive/0killed · map=ok features=188 · surge=ok
2026-07-30T14:34:28Z · finalize · total=2847 · check=35alive/0killed · map=ok features=188 · surge=ok
2026-07-30T16:31:32Z · finalize · total=2847 · check=35alive/0killed · map=ok features=188 · surge=ok
2026-07-30T18:06:05Z · finalize · total=2847 · check=35alive/0killed · map=ok features=188 · surge=ok
2026-07-30T21:56:58Z · finalize · total=2856 · check=34alive/0killed · map=ok features=188 · surge=ok
2026-07-31T06:32:12Z · finalize · total=2857 · check=33alive/0killed · map=ok features=188 · surge=ok
2026-07-31T08:33:41Z · finalize · total=2860 · check=35alive/0killed · map=ok features=188 · surge=ok
2026-07-31T10:37:25Z · finalize · total=2871 · check=33alive/0killed · map=ok features=189 · surge=ok
2026-07-31T12:40:08Z · finalize · total=2875 · check=35alive/0killed · map=ok features=190 · surge=ok
2026-07-31T14:35:04Z · finalize · total=2885 · check=35alive/0killed · map=ok features=190 · surge=ok
2026-07-31T16:32:36Z · finalize · total=2897 · check=35alive/0killed · map=ok features=190 · surge=ok
2026-07-31T18:15:39Z · finalize · total=2899 · check=33alive/0killed · map=ok features=190 · surge=ok
2026-07-31T22:45:36Z · finalize · total=2900 · check=34alive/0killed · map=ok features=190 · surge=ok
2026-08-01T06:34:19Z · finalize · total=2900 · check=31alive/0killed · map=ok features=190 · surge=ok
2026-08-01T08:31:39Z · finalize · total=2901 · check=35alive/0killed · map=ok features=190 · surge=ok
2026-08-01T10:33:10Z · finalize · total=2906 · check=35alive/0killed · map=ok features=190 · surge=ok
2026-08-01T11:09:27Z · finalize · total=2906 · check=35alive/0killed · map=ok features=190 · surge=ok
2026-08-01T14:31:45Z · finalize · total=2907 · check=35alive/0killed · map=ok features=190 · surge=ok
2026-08-01T14:50:41Z · finalize · total=2907 · check=35alive/0killed · map=ok features=190 · surge=ok
2026-08-01T16:31:49Z · finalize · total=2909 · check=35alive/0killed · map=ok features=190 · surge=ok
2026-08-01T18:31:35Z · finalize · total=2909 · check=35alive/0killed · map=ok features=190 · surge=ok
2026-08-01T18:38:52Z · finalize · total=2909 · check=35alive/0killed · map=ok features=190 · surge=ok
2026-08-01T22:17:51Z · finalize · total=2909 · check=32alive/0killed · map=ok features=190 · surge=ok
2026-08-02T06:32:08Z · finalize · total=2909 · check=35alive/0killed · map=ok features=190 · surge=ok
2026-08-02T08:33:06Z · finalize · total=2910 · check=35alive/0killed · map=ok features=190 · surge=ok
2026-08-02T10:32:09Z · finalize · total=2915 · check=35alive/0killed · map=ok features=190 · surge=ok
2026-08-02T11:10:46Z · finalize · total=2915 · check=35alive/0killed · map=ok features=190 · surge=ok
2026-08-02T14:32:57Z · finalize · total=2916 · check=35alive/0killed · map=ok features=190 · surge=ok
2026-08-02T14:55:42Z · finalize · total=2916 · check=35alive/0killed · map=ok features=190 · surge=ok
2026-08-02T18:19:07Z · finalize · total=2916 · check=35alive/0killed · map=ok features=190 · surge=ok
2026-08-02T22:18:42Z · finalize · total=2916 · check=34alive/1killed · map=ok features=189 · surge=ok
2026-08-03T06:34:39Z · finalize · total=2919 · check=31alive/0killed · map=ok features=189 · surge=ok
2026-08-03T08:32:06Z · finalize · total=2919 · check=35alive/0killed · map=ok features=189 · surge=ok
2026-08-03T10:32:19Z · finalize · total=2921 · check=34alive/0killed · map=ok features=189 · surge=ok
2026-08-03T12:31:31Z · finalize · total=2923 · check=35alive/0killed · map=ok features=189 · surge=ok
2026-08-03T14:35:34Z · finalize · total=2927 · check=35alive/0killed · map=ok features=189 · surge=ok
2026-08-03T16:03:26Z · finalize · total=2928 · check=35alive/0killed · map=ok features=189 · surge=ok
2026-08-03T18:31:39Z · finalize · total=2928 · check=35alive/0killed · map=ok features=189 · surge=ok
2026-08-03T20:47:02Z · finalize · total=2930 · check=35alive/0killed · map=ok features=189 · surge=ok
2026-08-04T06:27:19Z · finalize · total=2931 · check=34alive/0killed · map=ok features=189 · surge=ok
2026-08-04T08:34:18Z · finalize · total=2932 · check=35alive/0killed · map=ok features=189 · surge=ok
2026-08-04T10:32:07Z · finalize · total=2934 · check=35alive/0killed · map=ok features=189 · surge=ok
2026-08-04T12:33:48Z · finalize · total=2936 · check=35alive/0killed · map=ok features=189 · surge=ok
2026-08-04T14:31:46Z · finalize · total=2939 · check=35alive/0killed · map=ok features=189 · surge=ok
2026-08-04T16:31:12Z · finalize · total=2939 · check=35alive/0killed · map=ok features=189 · surge=ok
2026-08-04T18:30:52Z · finalize · total=2939 · check=35alive/0killed · map=ok features=189 · surge=ok
2026-08-04T19:11:59Z · finalize · total=2939 · check=35alive/0killed · map=ok features=189 · surge=ok
2026-08-04T22:50:40Z · finalize · total=2963 · check=35alive/0killed · map=ok features=189 · surge=ok
2026-08-05T06:32:18Z · finalize · total=2975 · check=35alive/0killed · map=ok features=189 · surge=ok
2026-08-05T08:30:37Z · finalize · total=2975 · check=34alive/1killed · map=ok features=188 · surge=ok
2026-08-05T10:31:46Z · finalize · total=2981 · check=35alive/0killed · map=ok features=188 · surge=ok
2026-08-05T12:29:57Z · finalize · total=2981 · check=35alive/0killed · map=ok features=188 · surge=ok
2026-08-05T14:35:02Z · finalize · total=2982 · check=35alive/0killed · map=ok features=188 · surge=ok
2026-08-05T16:31:06Z · finalize · total=2986 · check=35alive/0killed · map=ok features=188 · surge=ok
2026-08-05T18:17:31Z · finalize · total=2989 · check=35alive/0killed · map=ok features=189 · surge=ok
2026-08-05T22:49:08Z · finalize · total=3002 · check=35alive/0killed · map=ok features=189 · surge=ok
2026-08-06T06:19:40Z · finalize · total=3003 · check=35alive/0killed · map=ok features=189 · surge=ok
2026-08-06T08:30:47Z · finalize · total=3005 · check=34alive/1killed · map=ok features=188 · surge=ok
2026-08-06T10:31:03Z · finalize · total=3006 · check=35alive/0killed · map=ok features=188 · surge=ok
2026-08-06T12:35:38Z · finalize · total=3007 · check=35alive/0killed · map=ok features=188 · surge=ok
2026-08-06T14:34:14Z · finalize · total=3012 · check=34alive/1killed · map=ok features=188 · surge=ok
2026-08-07T04:19:08Z · finalize · total=3022 · check=35alive/0killed · map=ok features=188 · surge=ok
2026-08-07T06:30:41Z · finalize · total=3022 · check=35alive/0killed · map=ok features=188 · surge=ok
2026-08-07T08:30:40Z · finalize · total=3022 · check=35alive/0killed · map=ok features=188 · surge=ok
2026-08-07T09:42:52Z · finalize · total=3028 · check=35alive/0killed · map=ok features=188 · surge=ok
2026-08-07T12:24:59Z · finalize · total=3034 · check=35alive/0killed · map=ok features=188 · surge=ok
2026-08-07T12:33:24Z · finalize · total=3034 · check=34alive/1killed · map=ok features=187 · surge=ok
2026-08-07T14:31:25Z · finalize · total=3042 · check=35alive/0killed · map=ok features=187 · surge=ok
2026-08-07T16:14:07Z · finalize · total=3048 · check=35alive/0killed · map=ok features=187 · surge=ok
2026-08-07T18:31:10Z · finalize · total=3051 · check=34alive/1killed · map=ok features=186 · surge=ok
2026-08-07T19:59:39Z · finalize · total=3054 · check=35alive/0killed · map=ok features=187 · surge=ok
2026-08-07T22:09:24Z · finalize · total=3054 · check=35alive/0killed · map=ok features=187 · surge=ok
2026-08-08T06:23:53Z · finalize · total=3057 · check=35alive/0killed · map=ok features=187 · surge=ok
2026-08-08T08:10:21Z · finalize · total=3058 · check=35alive/0killed · map=ok features=187 · surge=ok
2026-08-08T10:05:51Z · finalize · total=3063 · check=35alive/0killed · map=ok features=187 · surge=ok
2026-08-08T11:45:35Z · finalize · total=3066 · check=35alive/0killed · map=ok features=187 · surge=ok
2026-08-08T14:10:39Z · finalize · total=3067 · check=35alive/0killed · map=ok features=187 · surge=ok
2026-08-08T15:53:14Z · finalize · total=3069 · check=34alive/0killed · map=ok features=187 · surge=ok
2026-08-08T17:52:40Z · finalize · total=3069 · check=34alive/1killed · map=ok features=186 · surge=ok
2026-08-08T19:46:53Z · finalize · total=3070 · check=35alive/0killed · map=ok features=186 · surge=ok
2026-08-08T21:17:40Z · finalize · total=3070 · check=35alive/0killed · map=ok features=186 · surge=ok
2026-08-09T06:30:56Z · finalize · total=3070 · check=35alive/0killed · map=ok features=186 · surge=ok
2026-08-09T08:25:55Z · finalize · total=3071 · check=35alive/0killed · map=ok features=186 · surge=ok
2026-08-09T10:30:56Z · finalize · total=3076 · check=35alive/0killed · map=ok features=186 · surge=ok
2026-08-09T11:03:22Z · finalize · total=3077 · check=35alive/0killed · map=ok features=186 · surge=ok
2026-08-09T12:05:26Z · finalize · total=3077 · check=35alive/0killed · map=ok features=186 · surge=ok
2026-08-09T14:11:42Z · finalize · total=3078 · check=35alive/0killed · map=ok features=186 · surge=ok
2026-08-09T15:54:45Z · finalize · total=3078 · check=35alive/0killed · map=ok features=186 · surge=ok
2026-08-09T17:54:21Z · finalize · total=3078 · check=35alive/0killed · map=ok features=186 · surge=ok
2026-08-09T19:53:54Z · finalize · total=3079 · check=35alive/0killed · map=ok features=186 · surge=ok
2026-08-09T21:55:48Z · finalize · total=3079 · check=35alive/0killed · map=ok features=186 · surge=ok
2026-08-10T04:44:37Z · finalize · total=3080 · check=35alive/0killed · map=ok features=186 · surge=ok
2026-08-10T06:30:57Z · finalize · total=3081 · check=35alive/0killed · map=ok features=186 · surge=ok
2026-08-10T08:31:43Z · finalize · total=3082 · check=35alive/0killed · map=ok features=186 · surge=ok
2026-08-10T10:31:16Z · finalize · total=3085 · check=35alive/0killed · map=ok features=186 · surge=ok
2026-08-10T10:45:35Z · finalize · total=3085 · check=35alive/0killed · map=ok features=186 · surge=ok
2026-08-10T12:31:14Z · finalize · total=3085 · check=35alive/0killed · map=ok features=186 · surge=ok
2026-08-10T14:32:46Z · finalize · total=3091 · check=35alive/0killed · map=ok features=186 · surge=ok
2026-08-10T14:46:37Z · finalize · total=3091 · check=35alive/0killed · map=ok features=186 · surge=ok
2026-08-10T16:09:46Z · finalize · total=3094 · check=34alive/0killed · map=ok features=186 · surge=ok
2026-08-10T17:09:00Z · finalize · total=3094 · check=35alive/0killed · map=ok features=186 · surge=ok
2026-08-10T18:03:42Z · finalize · total=3094 · check=35alive/0killed · map=ok features=186 · surge=ok
2026-08-10T19:13:52Z · finalize · total=3094 · check=35alive/0killed · map=ok features=186 · surge=ok
2026-08-10T21:00:04Z · finalize · total=3094 · check=33alive/2killed · map=ok features=184 · surge=ok
2026-08-11T06:31:15Z · finalize · total=3095 · check=35alive/0killed · map=ok features=184 · surge=ok
2026-08-11T07:34:37Z · finalize · total=3096 · check=35alive/0killed · map=ok features=184 · surge=ok
2026-08-11T09:13:49Z · finalize · total=3099 · check=35alive/0killed · map=ok features=184 · surge=ok
2026-08-11T11:04:30Z · finalize · total=3100 · check=35alive/0killed · map=ok features=184 · surge=ok
2026-08-11T11:55:46Z · finalize · total=3100 · check=35alive/0killed · map=ok features=184 · surge=ok
2026-08-11T13:39:01Z · finalize · total=3102 · check=34alive/1killed · map=ok features=183 · surge=ok
2026-08-11T15:15:55Z · finalize · total=3103 · check=35alive/0killed · map=ok features=183 · surge=ok
2026-08-11T17:12:09Z · finalize · total=3107 · check=35alive/0killed · map=ok features=183 · surge=ok
2026-08-11T18:08:48Z · finalize · total=3109 · check=34alive/0killed · map=ok features=183 · surge=ok
2026-08-11T19:19:11Z · finalize · total=3109 · check=34alive/0killed · map=ok features=183 · surge=ok
2026-08-11T21:02:36Z · finalize · total=3109 · check=34alive/0killed · map=ok features=183 · surge=ok
2026-08-12T05:40:15Z · finalize · total=3133 · check=34alive/0killed · map=ok features=183 · surge=ok
2026-08-12T07:51:02Z · finalize · total=3146 · check=34alive/0killed · map=ok features=183 · surge=ok
2026-08-12T09:24:19Z · finalize · total=3148 · check=34alive/0killed · map=ok features=183 · surge=ok
2026-08-12T11:10:49Z · finalize · total=3148 · check=34alive/0killed · map=ok features=183 · surge=ok
2026-08-12T11:59:04Z · finalize · total=3148 · check=34alive/0killed · map=ok features=183 · surge=ok
2026-08-12T13:43:42Z · finalize · total=3151 · check=34alive/0killed · map=ok features=183 · surge=ok
2026-08-12T15:14:09Z · finalize · total=3154 · check=34alive/0killed · map=ok features=183 · surge=ok
2026-08-12T17:10:47Z · finalize · total=3154 · check=34alive/0killed · map=ok features=183 · surge=ok
2026-08-12T18:09:12Z · finalize · total=3155 · check=34alive/0killed · map=ok features=183 · surge=ok
2026-08-12T19:19:55Z · finalize · total=3155 · check=33alive/1killed · map=ok features=182 · surge=ok
2026-08-12T21:01:20Z · finalize · total=3155 · check=33alive/1killed · map=ok features=181 · surge=ok
2026-08-13T06:33:47Z · finalize · total=3165 · check=34alive/0killed · map=ok features=181 · surge=ok
2026-08-13T07:51:28Z · finalize · total=3165 · check=33alive/1killed · map=ok features=180 · surge=ok
2026-08-13T09:24:03Z · finalize · total=3165 · check=34alive/0killed · map=ok features=180 · surge=ok
2026-08-13T11:11:37Z · finalize · total=3170 · check=33alive/1killed · map=ok features=180 · surge=ok
2026-08-13T12:01:16Z · finalize · total=3171 · check=34alive/0killed · map=ok features=180 · surge=ok
2026-08-13T13:43:44Z · finalize · total=3177 · check=34alive/0killed · map=ok features=180 · surge=ok
